../Core/Src/main.c:208:5:main	8	static
../Core/Src/main.c:511:6:SystemClock_Config	88	static
../Core/Src/main.c:558:13:MX_ADC1_Init	24	static
../Core/Src/main.c:610:13:MX_I2C1_Init	8	static
../Core/Src/main.c:644:13:MX_SPI1_Init	8	static
../Core/Src/main.c:682:13:MX_TIM2_Init	32	static
../Core/Src/main.c:727:13:MX_TIM3_Init	32	static
../Core/Src/main.c:772:13:MX_TIM4_Init	32	static
../Core/Src/main.c:817:13:MX_UART4_Init	8	static
../Core/Src/main.c:850:13:MX_USART2_UART_Init	8	static
../Core/Src/main.c:883:13:MX_USART3_UART_Init	8	static
../Core/Src/main.c:916:13:MX_USART6_UART_Init	8	static
../Core/Src/main.c:947:13:MX_DMA_Init	16	static
../Core/Src/main.c:965:13:MX_GPIO_Init	48	static
../Core/Src/main.c:1014:6:HAL_TIM_PeriodElapsedCallback	16	static
../Core/Src/main.c:1044:6:HAL_UART_RxCpltCallback	16	static
../Core/Src/main.c:1073:8:E220_write_register	24	static
../Core/Src/main.c:1094:8:E220_read_register	24	static
../Core/Src/main.c:1114:6:imu_offset	16	static
../Core/Src/main.c:1132:6:imu_filter_calculate	32	static
../Core/Src/main.c:1180:6:Altitude_Offset	16	static
../Core/Src/main.c:1194:6:user_delay_ms	16	static
../Core/Src/main.c:1199:6:union_converter	64	static
../Core/Src/main.c:1287:8:user_i2c_read	24	static
../Core/Src/main.c:1295:8:user_i2c_write	32	static
../Core/Src/main.c:1310:7:BME280_Get_Altitude	24	static
../Core/Src/main.c:1326:6:Error_Handler	4	static,ignoring_inline_asm
